{
  "test_name": "test_setting_fallback_on_config_changes_as_expected",
  "test_file": "/home/quark-ubuntu-wsl/test_transplantation_cs846_f24/test-transplantation/__internal__/_data/sanic/tests/test_errorpages.py",
  "static_methods": [
    {
      "name": "ErrorHandler",
      "source_code": "",
      "file_path": "",
      "line_number": 0
    },
    {
      "name": "app.test_client.get",
      "source_code": "    def get(self, key, default=None):\n        \"\"\"Get first value matching the key.",
      "file_path": "/home/quark-ubuntu-wsl/test_transplantation_cs846_f24/test-transplantation/__internal__/_data/sanic/venv/lib/python3.9/site-packages/multidict/_multidict_py.py",
      "line_number": 88
    },
    {
      "name": "app.test_client.get",
      "source_code": "    def get(self, key, default=None):\n        \"\"\"Get first value matching the key.",
      "file_path": "/home/quark-ubuntu-wsl/test_transplantation_cs846_f24/test-transplantation/__internal__/_data/sanic/venv/lib/python3.9/site-packages/multidict/_multidict_py.py",
      "line_number": 88
    },
    {
      "name": "app.test_client.get",
      "source_code": "    def get(self, key, default=None):\n        \"\"\"Get first value matching the key.",
      "file_path": "/home/quark-ubuntu-wsl/test_transplantation_cs846_f24/test-transplantation/__internal__/_data/sanic/venv/lib/python3.9/site-packages/multidict/_multidict_py.py",
      "line_number": 88
    }
  ],
  "dynamic_methods": [
    {
      "function": "ErrorHandler",
      "filename": "",
      "line": 0,
      "caller": "test_setting_fallback_on_config_changes_as_expected",
      "source_code": ""
    },
    {
      "function": "app.test_client.get",
      "filename": "/home/quark-ubuntu-wsl/test_transplantation_cs846_f24/test-transplantation/__internal__/_data/sanic/venv/lib/python3.9/site-packages/multidict/_multidict_py.py",
      "line": 88,
      "caller": "test_setting_fallback_on_config_changes_as_expected",
      "source_code": "    def get(self, key, default=None):\n        \"\"\"Get first value matching the key.\n\n        If the key is not found, returns the default (or None if no default is provided)\n        \"\"\"\n        return self.getone(key, default)\n\n"
    },
    {
      "function": "app.test_client.get",
      "filename": "/home/quark-ubuntu-wsl/test_transplantation_cs846_f24/test-transplantation/__internal__/_data/sanic/venv/lib/python3.9/site-packages/multidict/_multidict_py.py",
      "line": 88,
      "caller": "test_setting_fallback_on_config_changes_as_expected",
      "source_code": "    def get(self, key, default=None):\n        \"\"\"Get first value matching the key.\n\n        If the key is not found, returns the default (or None if no default is provided)\n        \"\"\"\n        return self.getone(key, default)\n\n"
    },
    {
      "function": "app.test_client.get",
      "filename": "/home/quark-ubuntu-wsl/test_transplantation_cs846_f24/test-transplantation/__internal__/_data/sanic/venv/lib/python3.9/site-packages/multidict/_multidict_py.py",
      "line": 88,
      "caller": "test_setting_fallback_on_config_changes_as_expected",
      "source_code": "    def get(self, key, default=None):\n        \"\"\"Get first value matching the key.\n\n        If the key is not found, returns the default (or None if no default is provided)\n        \"\"\"\n        return self.getone(key, default)\n\n"
    }
  ],
  "assertions": [
    "assert response.content_type == 'text/plain; charset=utf-8'",
    "assert response.content_type == 'text/html; charset=utf-8'",
    "assert response.content_type == 'text/plain; charset=utf-8'"
  ],
  "mocks": [],
  "success": true,
  "test_source_code": "def test_setting_fallback_on_config_changes_as_expected(app):\n    app.error_handler = ErrorHandler()\n\n    _, response = app.test_client.get(\"/error\")\n    assert response.content_type == \"text/plain; charset=utf-8\"\n\n    app.config.FALLBACK_ERROR_FORMAT = \"html\"\n    _, response = app.test_client.get(\"/error\")\n    assert response.content_type == \"text/html; charset=utf-8\"\n\n    app.config.FALLBACK_ERROR_FORMAT = \"text\"\n    _, response = app.test_client.get(\"/error\")\n    assert response.content_type == \"text/plain; charset=utf-8\""
}